=== RUN   TestClaimFund
=== RUN   TestClaimFund/Success_-_Valid_Request
    claim_fund_test.go:179: 
        	Error Trace:	/home/nipun/triggerx-backend/internal/dbserver/handlers/claim_fund_test.go:179
        	Error:      	Not equal: 
        	            	expected: 200
        	            	actual  : 500
        	Test:       	TestClaimFund/Success_-_Valid_Request
    claim_fund_test.go:189: 
        	Error Trace:	/home/nipun/triggerx-backend/internal/dbserver/handlers/claim_fund_test.go:189
        	Error:      	Not equal: 
        	            	expected: true
        	            	actual  : false
        	Test:       	TestClaimFund/Success_-_Valid_Request
    claim_fund_test.go:190: 
        	Error Trace:	/home/nipun/triggerx-backend/internal/dbserver/handlers/claim_fund_test.go:190
        	Error:      	Not equal: 
        	            	expected: "Funds sent successfully"
        	            	actual  : ""
        	            	
        	            	Diff:
        	            	--- Expected
        	            	+++ Actual
        	            	@@ -1 +1 @@
        	            	-Funds sent successfully
        	            	+
        	Test:       	TestClaimFund/Success_-_Valid_Request
=== RUN   TestClaimFund/Error_-_Invalid_Wallet_Address
=== RUN   TestClaimFund/Error_-_Invalid_Network
=== RUN   TestClaimFund/Error_-_Balance_Above_Threshold
    claim_fund_test.go:179: 
        	Error Trace:	/home/nipun/triggerx-backend/internal/dbserver/handlers/claim_fund_test.go:179
        	Error:      	Not equal: 
        	            	expected: 400
        	            	actual  : 500
        	Test:       	TestClaimFund/Error_-_Balance_Above_Threshold
    claim_fund_test.go:190: 
        	Error Trace:	/home/nipun/triggerx-backend/internal/dbserver/handlers/claim_fund_test.go:190
        	Error:      	Not equal: 
        	            	expected: "Wallet balance is above the threshold"
        	            	actual  : ""
        	            	
        	            	Diff:
        	            	--- Expected
        	            	+++ Actual
        	            	@@ -1 +1 @@
        	            	-Wallet balance is above the threshold
        	            	+
        	Test:       	TestClaimFund/Error_-_Balance_Above_Threshold
=== RUN   TestClaimFund/Error_-_Network_Connection_Failed
    claim_fund_test.go:184: 
        	Error Trace:	/home/nipun/triggerx-backend/internal/dbserver/handlers/claim_fund_test.go:184
        	Error:      	"Failed to parse threshold amount" does not contain "Failed to connect to network"
        	Test:       	TestClaimFund/Error_-_Network_Connection_Failed
--- FAIL: TestClaimFund (0.00s)
    --- FAIL: TestClaimFund/Success_-_Valid_Request (0.00s)
    --- PASS: TestClaimFund/Error_-_Invalid_Wallet_Address (0.00s)
    --- PASS: TestClaimFund/Error_-_Invalid_Network (0.00s)
    --- FAIL: TestClaimFund/Error_-_Balance_Above_Threshold (0.00s)
    --- FAIL: TestClaimFund/Error_-_Network_Connection_Failed (0.00s)
=== RUN   TestHealthCheck
=== RUN   TestHealthCheck/Success_-_Healthy_Database
--- FAIL: TestHealthCheck (0.00s)
    --- FAIL: TestHealthCheck/Success_-_Healthy_Database (0.00s)
panic: interface conversion: interface {} is *handlers.MockQuery, not *gocql.Query [recovered]
	panic: interface conversion: interface {} is *handlers.MockQuery, not *gocql.Query

goroutine 14 [running]:
testing.tRunner.func1.2({0xa146c0, 0xc000397c20})
	/home/nipun/go/pkg/mod/golang.org/toolchain@v0.0.1-go1.24.2.linux-amd64/src/testing/testing.go:1734 +0x21c
testing.tRunner.func1()
	/home/nipun/go/pkg/mod/golang.org/toolchain@v0.0.1-go1.24.2.linux-amd64/src/testing/testing.go:1737 +0x35e
panic({0xa146c0?, 0xc000397c20?})
	/home/nipun/go/pkg/mod/golang.org/toolchain@v0.0.1-go1.24.2.linux-amd64/src/runtime/panic.go:792 +0x132
github.com/trigg3rX/triggerx-backend/internal/dbserver/handlers.(*MockSession).Query(0xc000023810, {0xaf639e, 0x1e}, {0x0, 0x0, 0x0})
	/home/nipun/triggerx-backend/internal/dbserver/handlers/handler_test.go:39 +0x112
github.com/trigg3rX/triggerx-backend/internal/dbserver/handlers.(*Handler).HealthCheck(0xc000234f70, 0xc0001f5600)
	/home/nipun/triggerx-backend/internal/dbserver/handlers/handler.go:182 +0x75
github.com/trigg3rX/triggerx-backend/internal/dbserver/handlers.TestHealthCheck.func3(0xc0001d7c00)
	/home/nipun/triggerx-backend/internal/dbserver/handlers/handler_test.go:136 +0x189
testing.tRunner(0xc0001d7c00, 0xc000023860)
	/home/nipun/go/pkg/mod/golang.org/toolchain@v0.0.1-go1.24.2.linux-amd64/src/testing/testing.go:1792 +0xf4
created by testing.(*T).Run in goroutine 13
	/home/nipun/go/pkg/mod/golang.org/toolchain@v0.0.1-go1.24.2.linux-amd64/src/testing/testing.go:1851 +0x413
FAIL	github.com/trigg3rX/triggerx-backend/internal/dbserver/handlers	0.007s
FAIL
